[fuzz_gcov] PID=189728  SERVER_PORT=1884  CACHE_PORT=1885  TIME_LIMIT=1800s
[fuzz_gcov] OUTPUT_DIR=/home/ckt/Documents/000_2026_test_dev/MBFuzzer/mbfuzzer_artifact/artifacts/parallel-results-mosquitto_Apr-13_20-44-04/worker01/outputs/
[fuzz_gcov] BROKER_IP=N/A
Initial waiting for brokers (will be soon) dict_keys([])
broker fuzzing...
Initial waiting for brokers (will be soon) dict_keys(['mosquitto-worker01-Apr-13_20-44-04'])
Initial waiting for brokers (will be soon) dict_keys(['mosquitto-worker01-Apr-13_20-44-04'])
Initial waiting for brokers (will be soon) dict_keys(['mosquitto-worker01-Apr-13_20-44-04'])
client fuzzing
client fuzzing
client fuzzing
client fuzzing
client fuzzing
broker fuzzing...
client fuzzing
client fuzzing
client fuzzing
client fuzzing
client fuzzing
client fuzzing
client fuzzing
client fuzzing
broker fuzzing...
client fuzzing
client fuzzing
client fuzzing
broker fuzzing...
client fuzzing
broker fuzzing...
broker fuzzing...
broker fuzzing...
broker fuzzing...
broker fuzzing...
broker fuzzing...
broker fuzzing...
client fuzzing
client fuzzing
client fuzzing
client fuzzing
client fuzzing
client fuzzing
client fuzzing
client fuzzing
client fuzzing
client fuzzing
client fuzzing
client fuzzing
client fuzzing
client fuzzing
client fuzzing
client fuzzing
client fuzzing
client fuzzing
client fuzzing
client fuzzing
client fuzzing
client fuzzing
client fuzzing
client fuzzing
broker fuzzing...
broker fuzzing...
client fuzzing
broker fuzzing...
client fuzzing
broker fuzzing...
broker fuzzing...
client fuzzing
broker fuzzing...
broker fuzzing...
broker fuzzing...
broker fuzzing...
broker fuzzing...
broker fuzzing...
broker fuzzing...
broker fuzzing...
broker fuzzing...
broker fuzzing...
broker fuzzing...
broker fuzzing...
Broker time limit reached. Exiting...
Received signal (SIGINT). Flushing and exiting...
