[fuzz_gcov] PID=3227592  SERVER_PORT=1884  CACHE_PORT=1885  TIME_LIMIT=120s
[fuzz_gcov] OUTPUT_DIR=/home/ckt/Documents/000_2026_test_dev/mbfuzzer_artifact/artifacts/parallel-results-mosquitto_Apr-02_10-09-07/worker01/outputs/
[fuzz_gcov] BROKER_IP=N/A
Initial waiting for brokers (will be soon) dict_keys([])
broker fuzzing...
client fuzzing
client fuzzing
client fuzzing
client fuzzing
client fuzzing
client fuzzing
client fuzzing
client fuzzing
client fuzzing
client fuzzing
client fuzzing
client fuzzing
client fuzzing
broker fuzzing...
client fuzzing
client fuzzing
client fuzzing
client fuzzing
client fuzzing
broker fuzzing...
Broker time limit reached. Exiting...
Received signal (SIGINT). Flushing and exiting...
